Flow report for FPGA_EXP3
Tue Sep 27 20:16:51 2022
Quartus II 64-Bit Version 13.0.1 Build 232 06/12/2013 Service Pack 1 SJ Full Version


---------------------
; Table of Contents ;
---------------------
  1. Legal Notice
  2. Flow Summary
  3. Flow Settings
  4. Flow Non-Default Global Settings
  5. Flow Elapsed Time
  6. Flow OS Summary
  7. Flow Log
  8. Flow Messages
  9. Flow Suppressed Messages



----------------
; Legal Notice ;
----------------
Copyright (C) 1991-2013 Altera Corporation
Your use of Altera Corporation's design tools, logic functions 
and other software and tools, and its AMPP partner logic 
functions, and any output files from any of the foregoing 
(including device programming or simulation files), and any 
associated documentation or information are expressly subject 
to the terms and conditions of the Altera Program License 
Subscription Agreement, Altera MegaCore Function License 
Agreement, or other applicable license agreement, including, 
without limitation, that your use is for the sole purpose of 
programming logic devices manufactured by Altera and sold by 
Altera or its authorized distributors.  Please refer to the 
applicable agreement for further details.



+----------------------------------------------------------------------------------------+
; Flow Summary                                                                           ;
+-------------------------------------+--------------------------------------------------+
; Flow Status                         ; Successful - Tue Sep 27 20:16:51 2022            ;
; Quartus II 64-Bit Version           ; 13.0.1 Build 232 06/12/2013 SP 1 SJ Full Version ;
; Revision Name                       ; FPGA_EXP3                                        ;
; Top-level Entity Name               ; FPGA_EXP3                                        ;
; Family                              ; Cyclone V                                        ;
; Device                              ; 5CEBA2F23C8                                      ;
; Timing Models                       ; Final                                            ;
; Logic utilization (in ALMs)         ; N/A                                              ;
; Total registers                     ; 19                                               ;
; Total pins                          ; 3                                                ;
; Total virtual pins                  ; 0                                                ;
; Total block memory bits             ; 0                                                ;
; Total DSP Blocks                    ; 0                                                ;
; Total HSSI RX PCSs                  ; 0                                                ;
; Total HSSI PMA RX Deserializers     ; 0                                                ;
; Total HSSI PMA RX ATT Deserializers ; 0                                                ;
; Total HSSI TX PCSs                  ; 0                                                ;
; Total HSSI PMA TX Serializers       ; 0                                                ;
; Total HSSI PMA TX ATT Serializers   ; 0                                                ;
; Total PLLs                          ; 0                                                ;
; Total DLLs                          ; 0                                                ;
+-------------------------------------+--------------------------------------------------+


+-----------------------------------------+
; Flow Settings                           ;
+-------------------+---------------------+
; Option            ; Setting             ;
+-------------------+---------------------+
; Start date & time ; 09/27/2022 20:16:50 ;
; Main task         ; Compilation         ;
; Revision Name     ; FPGA_EXP3           ;
+-------------------+---------------------+


+----------------------------------------------------------------------------------------------------------------------+
; Flow Non-Default Global Settings                                                                                     ;
+--------------------------------------+--------------------------------+---------------+-------------+----------------+
; Assignment Name                      ; Value                          ; Default Value ; Entity Name ; Section Id     ;
+--------------------------------------+--------------------------------+---------------+-------------+----------------+
; COMPILER_SIGNATURE_ID                ; 31609894897474.166428101007804 ; --            ; --          ; --             ;
; EDA_DESIGN_INSTANCE_NAME             ; NA                             ; --            ; --          ; SEQ_DECT_tb    ;
; EDA_DESIGN_INSTANCE_NAME             ; NA                             ; --            ; --          ; FPGA_EXP3_tb   ;
; EDA_DESIGN_INSTANCE_NAME             ; NA                             ; --            ; --          ; SEQ_GEN1_tb    ;
; EDA_NATIVELINK_SIMULATION_TEST_BENCH ; FPGA_EXP3_tb                   ; --            ; --          ; eda_simulation ;
; EDA_OUTPUT_DATA_FORMAT               ; Vhdl                           ; --            ; --          ; eda_simulation ;
; EDA_SIMULATION_TOOL                  ; ModelSim (VHDL)                ; <None>        ; --          ; --             ;
; EDA_TEST_BENCH_ENABLE_STATUS         ; TEST_BENCH_MODE                ; --            ; --          ; eda_simulation ;
; EDA_TEST_BENCH_FILE                  ; SEQ_DECT_tb.vhd                ; --            ; --          ; SEQ_DECT_tb    ;
; EDA_TEST_BENCH_FILE                  ; FPGA_EXP3_tb.vhd               ; --            ; --          ; FPGA_EXP3_tb   ;
; EDA_TEST_BENCH_FILE                  ; SEQ_GEN1_tb.vhd                ; --            ; --          ; SEQ_GEN1_tb    ;
; EDA_TEST_BENCH_MODULE_NAME           ; SEQ_DECT_tb                    ; --            ; --          ; SEQ_DECT_tb    ;
; EDA_TEST_BENCH_MODULE_NAME           ; FPGA_EXP3_tb                   ; --            ; --          ; FPGA_EXP3_tb   ;
; EDA_TEST_BENCH_MODULE_NAME           ; SEQ_GEN1_tb                    ; --            ; --          ; SEQ_GEN1_tb    ;
; EDA_TEST_BENCH_NAME                  ; SEQ_DECT_tb                    ; --            ; --          ; eda_simulation ;
; EDA_TEST_BENCH_NAME                  ; FPGA_EXP3_tb                   ; --            ; --          ; eda_simulation ;
; EDA_TEST_BENCH_NAME                  ; SEQ_GEN1_tb                    ; --            ; --          ; eda_simulation ;
; EDA_TEST_BENCH_RUN_SIM_FOR           ; 1000 s                         ; --            ; --          ; SEQ_DECT_tb    ;
; EDA_TEST_BENCH_RUN_SIM_FOR           ; 1000 ns                        ; --            ; --          ; FPGA_EXP3_tb   ;
; EDA_TEST_BENCH_RUN_SIM_FOR           ; 1000 ns                        ; --            ; --          ; SEQ_GEN1_tb    ;
; EDA_TIME_SCALE                       ; 1 ps                           ; --            ; --          ; eda_simulation ;
; MAX_CORE_JUNCTION_TEMP               ; 85                             ; --            ; --          ; --             ;
; MIN_CORE_JUNCTION_TEMP               ; 0                              ; --            ; --          ; --             ;
; PARTITION_COLOR                      ; 16764057                       ; --            ; --          ; Top            ;
; PARTITION_FITTER_PRESERVATION_LEVEL  ; PLACEMENT_AND_ROUTING          ; --            ; --          ; Top            ;
; PARTITION_NETLIST_TYPE               ; SOURCE                         ; --            ; --          ; Top            ;
; PROJECT_OUTPUT_DIRECTORY             ; output_files                   ; --            ; --          ; --             ;
+--------------------------------------+--------------------------------+---------------+-------------+----------------+


+--------------------------------------------------------------------------------------------------------------------------+
; Flow Elapsed Time                                                                                                        ;
+----------------------+--------------+-------------------------+---------------------+------------------------------------+
; Module Name          ; Elapsed Time ; Average Processors Used ; Peak Virtual Memory ; Total CPU Time (on all processors) ;
+----------------------+--------------+-------------------------+---------------------+------------------------------------+
; Analysis & Synthesis ; 00:00:01     ; 1.0                     ; 4711 MB             ; 00:00:01                           ;
; Total                ; 00:00:01     ; --                      ; --                  ; 00:00:01                           ;
+----------------------+--------------+-------------------------+---------------------+------------------------------------+


+-----------------------------------------------------------------------------------+
; Flow OS Summary                                                                   ;
+----------------------+------------------+-----------+------------+----------------+
; Module Name          ; Machine Hostname ; OS Name   ; OS Version ; Processor type ;
+----------------------+------------------+-----------+------------+----------------+
; Analysis & Synthesis ; LAPTOP-07C8FQOM  ; Windows 7 ; 6.2        ; x86_64         ;
+----------------------+------------------+-----------+------------+----------------+


------------
; Flow Log ;
------------
quartus_map --read_settings_files=on --write_settings_files=off FPGA_EXP3 -c FPGA_EXP3



